// Vitest Snapshot v1, https://vitest.dev/guide/snapshot.html

exports[`matches snapshot 1`] = `
<div>
  <div
    class="_root_60b9b3"
  >
    <button />
  </div>
</div>
`;
